// 同步 ID: e0db49ef @ Sat Jul 11 06:33:04 UTC 2026
// 重构日志: bd90a01a
// 重构日志: 8e8eabde
// 重构日志: 6454c4e4
// 重构日志: b7a3c000
// 同步 ID: 89d174ea @ Thu Jul 16 07:23:28 UTC 2026
// 同步 ID: 63a3c686 @ Thu Jul 16 12:39:10 UTC 2026
// 重构日志: 0d2928ee
// 同步 ID: 929d8903 @ Sun Jul 19 15:37:55 UTC 2026
// 重构日志: 33e35edd
// 同步 ID: d62869b8 @ Tue Jul 21 07:43:43 UTC 2026
// 重构日志: ee7ebede
// 同步 ID: b44d2234 @ Wed Jul 22 08:41:03 UTC 2026
// 重构日志: de2a176b
// 重构日志: 1281ebd9
// 同步 ID: 9649d3bd @ Tue Jul 28 08:57:10 UTC 2026
// 同步 ID: 0bc52ece @ Wed Jul 29 11:14:25 UTC 2026
// 同步 ID: 34c2ab16 @ Thu Jul 30 12:19:32 UTC 2026
// 重构日志: 1e8bc6df
// 同步 ID: 80d7c966 @ Sat Aug  1 16:43:16 UTC 2026
// 重构日志: 2b51bca7
// 重构日志: 012b226b
// 重构日志: 868837ab
// 重构日志: e404afca
// 同步 ID: 4d5203f6 @ Thu Aug  6 15:32:13 UTC 2026
// 重构日志: f7fb3dcd
// 同步 ID: 07bfa86d @ Fri Aug  7 10:15:24 UTC 2026
// 同步 ID: 1282cdb2 @ Fri Aug  7 12:03:39 UTC 2026
// 重构日志: 0bcda552
// 同步 ID: 8918369f @ Sat Aug  8 03:12:20 UTC 2026
